CLIPS> Mas figurku ve hre (ano/ne)?
Co jsi naposled hodil (1/2/3/4/5/6)?
Mas nejakou figurku, ktere zbyva N poli do domecku? (ano / ne)
Mas nejakou figurku, ktera ma N poli pred sebou cizi figurku? (ano / ne)
Máš nějakou figurku, která má 6 a méně polí za sebou cizí figurku?
Mas nejakou figurku, kterou muzes tahnout? (ano / ne)
Konec tahu, nejde tahnout.
