CLIPS> Mas figurku ve hre (ano/ne)?
Co jsi naposled hodil (1/2/3/4/5/6)?
Nelze tahnout, cekej dalsi kolo.
