CLIPS> Mas figurku ve hre (ano/ne)?
Co jsi naposled hodil (1/2/3/4/5/6)?
Nasad novou figurku do hry.
Hazej znovu!
Co jsi naposled hodil (1/2/3/4/5/6)?
Mas nejakou figurku, ktere zbyva N poli do domecku? (ano / ne)
Mas nejakou figurku, ktera ma N poli pred sebou cizi figurku? (ano / ne)
Tahni tou figurkou.
