CLIPS> Mas figurku ve hre (ano/ne)?
Co jsi naposled hodil (1/2/3/4/5/6)?
Hazej znovu, kolik padlo (1/2/3/4/5/6)?
Chces nasadit (mas-li k dispozici) novou figurku (ano/ne)?
Je na tvem domecku volno/cizi figurka (ano/ne)?
Nasad novou figurku.
Mas nejakou figurku, ktere zbyva N poli do domecku? (ano / ne)
Mas nejakou figurku, ktera ma N poli pred sebou cizi figurku? (ano / ne)
Tahni tou figurkou.

